npm warn config cache-max This option has been deprecated in favor of `--prefer-online`
npm error Log files were not written due to an error writing to the directory: /Users/ivanardashev/.npm/_logs
npm error You can rerun the command with `--loglevel=verbose` to see the logs in your terminal
